[ec2-user@ansible ~]$ sudo -i
[root@ansible ~]#
[root@ansible ~]# hostname
ansible
[root@ansible ~]#
[root@ansible ~]#
[root@ansible ~]#
[root@ansible ~]#
[root@ansible ~]# #CONDITIONS ----IMPORTANT
[root@ansible ~]#
[root@ansible ~]#
[root@ansible ~]#
[root@ansible ~]#
[root@ansible ~]# ansible all -m setup| grep os_family
[WARNING]: Platform linux on host 172.31.39.10 is using the discovered Python
interpreter at /usr/bin/python3, but future installation of another Python
interpreter could change this. See https://docs.ansible.com/ansible/2.9/referen
ce_appendices/interpreter_discovery.html for more information.
        "ansible_os_family": "RedHat",
[WARNING]: Platform linux on host 172.31.44.184 is using the discovered Python
interpreter at /usr/bin/python3, but future installation of another Python
interpreter could change this. See https://docs.ansible.com/ansible/2.9/referen
ce_appendices/interpreter_discovery.html for more information.
        "ansible_os_family": "RedHat",
[WARNING]: Platform linux on host 172.31.33.154 is using the discovered Python
interpreter at /usr/bin/python3, but future installation of another Python
interpreter could change this. See https://docs.ansible.com/ansible/2.9/referen
ce_appendices/interpreter_discovery.html for more information.
        "ansible_os_family": "RedHat",
[WARNING]: Platform linux on host 172.31.37.97 is using the discovered Python
interpreter at /usr/bin/python3, but future installation of another Python
interpreter could change this. See https://docs.ansible.com/ansible/2.9/referen
ce_appendices/interpreter_discovery.html for more information.
        "ansible_os_family": "RedHat",




[root@ansible ~]#
[root@ansible ~]#
[root@ansible ~]#
[root@ansible ~]#
[root@ansible ~]# vi playbook8.yml
[root@ansible ~]#
[root@ansible ~]#
[root@ansible ~]#
[root@ansible ~]# ansible-playbook playbook8.yml
ERROR! this task 'dnf' has extra params, which is only allowed in the following modules: ansible.builtin.raw, ansible.legacy.add_host, ansible.builtin.meta, ansible.legacy.include, ansible.legacy.import_role, script, ansible.legacy.raw, group_by, ansible.builtin.shell, ansible.legacy.win_command, include, shell, include_vars, ansible.builtin.import_tasks, add_host, ansible.builtin.include_vars, ansible.legacy.include_role, ansible.builtin.include_role, ansible.legacy.include_vars, ansible.legacy.win_shell, ansible.legacy.group_by, import_tasks, ansible.builtin.set_fact, ansible.builtin.command, ansible.builtin.include_tasks, include_tasks, ansible.builtin.script, ansible.builtin.include, raw, meta, ansible.legacy.set_fact, ansible.builtin.add_host, ansible.legacy.script, ansible.legacy.import_tasks, win_command, ansible.builtin.win_shell, include_role, win_shell, set_fact, ansible.legacy.shell, ansible.legacy.command, import_role, ansible.legacy.meta, ansible.builtin.import_role, ansible.legacy.include_tasks, ansible.builtin.group_by, ansible.builtin.win_command, command

The error appears to be in '/root/playbook8.yml': line 4, column 7, but may
be elsewhere in the file depending on the exact syntax problem.

The offending line appears to be:

  tasks:
    - name : installing git RedHat
      ^ here
[root@ansible ~]#
[root@ansible ~]#
[root@ansible ~]# vi playbook8.yml
[root@ansible ~]#
[root@ansible ~]#
[root@ansible ~]#
[root@ansible ~]#
[root@ansible ~]#
[root@ansible ~]#
[root@ansible ~]#
[root@ansible ~]#
[root@ansible ~]#
[root@ansible ~]#
[root@ansible ~]# ansible-playbook playbook8.yml

PLAY [all] *********************************************************************

TASK [Gathering Facts] *********************************************************
[WARNING]: Platform linux on host 172.31.44.184 is using the discovered Python
interpreter at /usr/bin/python3, but future installation of another Python
interpreter could change this. See https://docs.ansible.com/ansible/2.9/referen
ce_appendices/interpreter_discovery.html for more information.
ok: [172.31.44.184]
[WARNING]: Platform linux on host 172.31.37.97 is using the discovered Python
interpreter at /usr/bin/python3, but future installation of another Python
interpreter could change this. See https://docs.ansible.com/ansible/2.9/referen
ce_appendices/interpreter_discovery.html for more information.
ok: [172.31.37.97]
[WARNING]: Platform linux on host 172.31.39.10 is using the discovered Python
interpreter at /usr/bin/python3, but future installation of another Python
interpreter could change this. See https://docs.ansible.com/ansible/2.9/referen
ce_appendices/interpreter_discovery.html for more information.
ok: [172.31.39.10]
[WARNING]: Platform linux on host 172.31.33.154 is using the discovered Python
interpreter at /usr/bin/python3, but future installation of another Python
interpreter could change this. See https://docs.ansible.com/ansible/2.9/referen
ce_appendices/interpreter_discovery.html for more information.
ok: [172.31.33.154]
fatal: [13.51.196.1]: UNREACHABLE! => {"changed": false, "msg": "Failed to connect to the host via ssh: ssh: connect to host 13.51.196.1 port 22: Connection timed out", "unreachable": true}

TASK [installing git RedHat] ***************************************************
changed: [172.31.39.10]
changed: [172.31.33.154]
changed: [172.31.44.184]
changed: [172.31.37.97]

TASK [installing git on Ubuntu] ************************************************
skipping: [172.31.39.10]
skipping: [172.31.37.97]
skipping: [172.31.44.184]
skipping: [172.31.33.154]

PLAY RECAP *********************************************************************
13.51.196.1                : ok=0    changed=0    unreachable=1    failed=0    skipped=0    rescued=0    ignored=0
172.31.33.154              : ok=2    changed=1    unreachable=0    failed=0    skipped=1    rescued=0    ignored=0
172.31.37.97               : ok=2    changed=1    unreachable=0    failed=0    skipped=1    rescued=0    ignored=0
172.31.39.10               : ok=2    changed=1    unreachable=0    failed=0    skipped=1    rescued=0    ignored=0
172.31.44.184              : ok=2    changed=1    unreachable=0    failed=0    skipped=1    rescued=0    ignored=0

[root@ansible ~]#
[root@ansible ~]#
[root@ansible ~]# sed -i "s/present/absent/g" playbook8.yml
[root@ansible ~]#
[root@ansible ~]#
[root@ansible ~]# ansible-playbook playbook8.yml

PLAY [all] *********************************************************************

TASK [Gathering Facts] *********************************************************
[WARNING]: Platform linux on host 172.31.37.97 is using the discovered Python
interpreter at /usr/bin/python3, but future installation of another Python
interpreter could change this. See https://docs.ansible.com/ansible/2.9/referen
ce_appendices/interpreter_discovery.html for more information.
ok: [172.31.37.97]
[WARNING]: Platform linux on host 172.31.33.154 is using the discovered Python
interpreter at /usr/bin/python3, but future installation of another Python
interpreter could change this. See https://docs.ansible.com/ansible/2.9/referen
ce_appendices/interpreter_discovery.html for more information.
ok: [172.31.33.154]
[WARNING]: Platform linux on host 172.31.39.10 is using the discovered Python
interpreter at /usr/bin/python3, but future installation of another Python
interpreter could change this. See https://docs.ansible.com/ansible/2.9/referen
ce_appendices/interpreter_discovery.html for more information.
ok: [172.31.39.10]
[WARNING]: Platform linux on host 172.31.44.184 is using the discovered Python
interpreter at /usr/bin/python3, but future installation of another Python
interpreter could change this. See https://docs.ansible.com/ansible/2.9/referen
ce_appendices/interpreter_discovery.html for more information.
ok: [172.31.44.184]
fatal: [13.51.196.1]: UNREACHABLE! => {"changed": false, "msg": "Failed to connect to the host via ssh: ssh: connect to host 13.51.196.1 port 22: Connection timed out", "unreachable": true}

TASK [installing git RedHat] ***************************************************
changed: [172.31.44.184]
changed: [172.31.39.10]
changed: [172.31.33.154]
changed: [172.31.37.97]

TASK [installing git on Ubuntu] ************************************************
skipping: [172.31.39.10]
skipping: [172.31.37.97]
skipping: [172.31.44.184]
skipping: [172.31.33.154]

PLAY RECAP *********************************************************************
13.51.196.1                : ok=0    changed=0    unreachable=1    failed=0    skipped=0    rescued=0    ignored=0
172.31.33.154              : ok=2    changed=1    unreachable=0    failed=0    skipped=1    rescued=0    ignored=0
172.31.37.97               : ok=2    changed=1    unreachable=0    failed=0    skipped=1    rescued=0    ignored=0
172.31.39.10               : ok=2    changed=1    unreachable=0    failed=0    skipped=1    rescued=0    ignored=0
172.31.44.184              : ok=2    changed=1    unreachable=0    failed=0    skipped=1    rescued=0    ignored=0

[root@ansible ~]#
[root@ansible ~]#
[root@ansible ~]# cat playbook8.yml
---
- hosts: all
  tasks:
    - name : installing git RedHat
      dnf : name=git state=absent
      when: ansible_os_family == "RedHat"

    - name : installing git on Ubuntu
      apt : name=git state=absent
      when : ansible_os_family == "Debian"
...
[root@ansible ~]#
[root@ansible ~]#
[root@ansible ~]# vi playbook9.

[1]+  Stopped                 vi playbook9.
[root@ansible ~]#
[root@ansible ~]# vi playbook9.yml
[root@ansible ~]#
[root@ansible ~]#
[root@ansible ~]#
[root@ansible ~]#
[root@ansible ~]#
[root@ansible ~]#
[root@ansible ~]#
[root@ansible ~]# ansible-playbook playbook9.yml
ERROR! this task 'apt' has extra params, which is only allowed in the following modules: ansible.builtin.raw, ansible.legacy.add_host, ansible.builtin.meta, ansible.legacy.include, ansible.legacy.import_role, script, ansible.legacy.raw, group_by, ansible.builtin.shell, ansible.legacy.win_command, include, shell, include_vars, ansible.builtin.import_tasks, add_host, ansible.builtin.include_vars, ansible.legacy.include_role, ansible.builtin.include_role, ansible.legacy.include_vars, ansible.legacy.win_shell, ansible.legacy.group_by, import_tasks, ansible.builtin.set_fact, ansible.builtin.command, ansible.builtin.include_tasks, include_tasks, ansible.builtin.script, ansible.builtin.include, raw, meta, ansible.legacy.set_fact, ansible.builtin.add_host, ansible.legacy.script, ansible.legacy.import_tasks, win_command, ansible.builtin.win_shell, include_role, win_shell, set_fact, ansible.legacy.shell, ansible.legacy.command, import_role, ansible.legacy.meta, ansible.builtin.import_role, ansible.legacy.include_tasks, ansible.builtin.group_by, ansible.builtin.win_command, command

The error appears to be in '/root/playbook9.yml': line 8, column 7, but may
be elsewhere in the file depending on the exact syntax problem.

The offending line appears to be:


    - name : install apache on Ubuntu
      ^ here
[root@ansible ~]#
[root@ansible ~]#
[root@ansible ~]# vi playbook9.yml

[2]+  Stopped                 vi playbook9.yml
[root@ansible ~]#
[root@ansible ~]#
[root@ansible ~]# vi playbook9.yml
[root@ansible ~]#
[root@ansible ~]#
[root@ansible ~]#
[root@ansible ~]#
[root@ansible ~]#
[root@ansible ~]#
[root@ansible ~]#
[root@ansible ~]# ansible-playbook playbook9.yml

PLAY [all] *********************************************************************

TASK [Gathering Facts] *********************************************************
[WARNING]: Platform linux on host 172.31.44.184 is using the discovered Python
interpreter at /usr/bin/python3, but future installation of another Python
interpreter could change this. See https://docs.ansible.com/ansible/2.9/referen
ce_appendices/interpreter_discovery.html for more information.
ok: [172.31.44.184]
[WARNING]: Platform linux on host 172.31.39.10 is using the discovered Python
interpreter at /usr/bin/python3, but future installation of another Python
interpreter could change this. See https://docs.ansible.com/ansible/2.9/referen
ce_appendices/interpreter_discovery.html for more information.
ok: [172.31.39.10]
[WARNING]: Platform linux on host 172.31.33.154 is using the discovered Python
interpreter at /usr/bin/python3, but future installation of another Python
interpreter could change this. See https://docs.ansible.com/ansible/2.9/referen
ce_appendices/interpreter_discovery.html for more information.
ok: [172.31.33.154]
[WARNING]: Platform linux on host 172.31.37.97 is using the discovered Python
interpreter at /usr/bin/python3, but future installation of another Python
interpreter could change this. See https://docs.ansible.com/ansible/2.9/referen
ce_appendices/interpreter_discovery.html for more information.
ok: [172.31.37.97]
fatal: [13.51.196.1]: UNREACHABLE! => {"changed": false, "msg": "Failed to connect to the host via ssh: ssh: connect to host 13.51.196.1 port 22: Connection timed out", "unreachable": true}

TASK [install http on Redhat] **************************************************
changed: [172.31.39.10]
changed: [172.31.33.154]
changed: [172.31.44.184]
changed: [172.31.37.97]

TASK [install apache on Ubuntu] ************************************************
fatal: [172.31.39.10]: FAILED! => {"msg": "The conditional check 'ansible_oa_family == \"Debian\"' failed. The error was: error while evaluating conditional (ansible_oa_family == \"Debian\"): 'ansible_oa_family' is undefined\n\nThe error appears to be in '/root/playbook9.yml': line 8, column 7, but may\nbe elsewhere in the file depending on the exact syntax problem.\n\nThe offending line appears to be:\n\n\n    - name : install apache on Ubuntu\n      ^ here\n"}
fatal: [172.31.37.97]: FAILED! => {"msg": "The conditional check 'ansible_oa_family == \"Debian\"' failed. The error was: error while evaluating conditional (ansible_oa_family == \"Debian\"): 'ansible_oa_family' is undefined\n\nThe error appears to be in '/root/playbook9.yml': line 8, column 7, but may\nbe elsewhere in the file depending on the exact syntax problem.\n\nThe offending line appears to be:\n\n\n    - name : install apache on Ubuntu\n      ^ here\n"}
fatal: [172.31.44.184]: FAILED! => {"msg": "The conditional check 'ansible_oa_family == \"Debian\"' failed. The error was: error while evaluating conditional (ansible_oa_family == \"Debian\"): 'ansible_oa_family' is undefined\n\nThe error appears to be in '/root/playbook9.yml': line 8, column 7, but may\nbe elsewhere in the file depending on the exact syntax problem.\n\nThe offending line appears to be:\n\n\n    - name : install apache on Ubuntu\n      ^ here\n"}
fatal: [172.31.33.154]: FAILED! => {"msg": "The conditional check 'ansible_oa_family == \"Debian\"' failed. The error was: error while evaluating conditional (ansible_oa_family == \"Debian\"): 'ansible_oa_family' is undefined\n\nThe error appears to be in '/root/playbook9.yml': line 8, column 7, but may\nbe elsewhere in the file depending on the exact syntax problem.\n\nThe offending line appears to be:\n\n\n    - name : install apache on Ubuntu\n      ^ here\n"}

PLAY RECAP *********************************************************************
13.51.196.1                : ok=0    changed=0    unreachable=1    failed=0    skipped=0    rescued=0    ignored=0
172.31.33.154              : ok=2    changed=1    unreachable=0    failed=1    skipped=0    rescued=0    ignored=0
172.31.37.97               : ok=2    changed=1    unreachable=0    failed=1    skipped=0    rescued=0    ignored=0
172.31.39.10               : ok=2    changed=1    unreachable=0    failed=1    skipped=0    rescued=0    ignored=0
172.31.44.184              : ok=2    changed=1    unreachable=0    failed=1    skipped=0    rescued=0    ignored=0

[root@ansible ~]# ^C
[root@ansible ~]# vi playbook9.yml
[root@ansible ~]#
[root@ansible ~]#
[root@ansible ~]#
[root@ansible ~]#
[root@ansible ~]#
[root@ansible ~]# ansible-playbook playbook9.yml

PLAY [all] *********************************************************************

TASK [Gathering Facts] *********************************************************
[WARNING]: Platform linux on host 172.31.33.154 is using the discovered Python
interpreter at /usr/bin/python3, but future installation of another Python
interpreter could change this. See https://docs.ansible.com/ansible/2.9/referen
ce_appendices/interpreter_discovery.html for more information.
ok: [172.31.33.154]
[WARNING]: Platform linux on host 172.31.44.184 is using the discovered Python
interpreter at /usr/bin/python3, but future installation of another Python
interpreter could change this. See https://docs.ansible.com/ansible/2.9/referen
ce_appendices/interpreter_discovery.html for more information.
ok: [172.31.44.184]
[WARNING]: Platform linux on host 172.31.39.10 is using the discovered Python
interpreter at /usr/bin/python3, but future installation of another Python
interpreter could change this. See https://docs.ansible.com/ansible/2.9/referen
ce_appendices/interpreter_discovery.html for more information.
ok: [172.31.39.10]
[WARNING]: Platform linux on host 172.31.37.97 is using the discovered Python
interpreter at /usr/bin/python3, but future installation of another Python
interpreter could change this. See https://docs.ansible.com/ansible/2.9/referen
ce_appendices/interpreter_discovery.html for more information.
ok: [172.31.37.97]

fatal: [13.51.196.1]: UNREACHABLE! => {"changed": false, "msg": "Failed to connect to the host via ssh: ssh: connect to host 13.51.196.1 port 22: Connection timed out", "unreachable": true}

TASK [install http on Redhat] **************************************************
ok: [172.31.44.184]
ok: [172.31.33.154]
ok: [172.31.39.10]
ok: [172.31.37.97]

TASK [install apache on Ubuntu] ************************************************
skipping: [172.31.39.10]
skipping: [172.31.37.97]
skipping: [172.31.44.184]
skipping: [172.31.33.154]

PLAY RECAP *********************************************************************
13.51.196.1                : ok=0    changed=0    unreachable=1    failed=0    skipped=0    rescued=0    ignored=0
172.31.33.154              : ok=2    changed=0    unreachable=0    failed=0    skipped=1    rescued=0    ignored=0
172.31.37.97               : ok=2    changed=0    unreachable=0    failed=0    skipped=1    rescued=0    ignored=0
172.31.39.10               : ok=2    changed=0    unreachable=0    failed=0    skipped=1    rescued=0    ignored=0
172.31.44.184              : ok=2    changed=0    unreachable=0    failed=0    skipped=1    rescued=0    ignored=0

[root@ansible ~]#
[root@ansible ~]#
[root@ansible ~]#
[root@ansible ~]# #HANDLERS
[root@ansible ~]#
[root@ansible ~]# vi playbook8.yml

[3]+  Stopped                 vi playbook8.yml
[root@ansible ~]#
[root@ansible ~]# vi playbook9.yml

[4]+  Stopped                 vi playbook9.yml
[root@ansible ~]#
[root@ansible ~]# vi playbook10.yml
[root@ansible ~]#
[root@ansible ~]#
[root@ansible ~]# ansible-playbook playbook10.yml

PLAY [all] *********************************************************************

TASK [Gathering Facts] *********************************************************
[WARNING]: Platform linux on host 172.31.39.10 is using the discovered Python
interpreter at /usr/bin/python3, but future installation of another Python
interpreter could change this. See https://docs.ansible.com/ansible/2.9/referen
ce_appendices/interpreter_discovery.html for more information.
ok: [172.31.39.10]
[WARNING]: Platform linux on host 172.31.33.154 is using the discovered Python
interpreter at /usr/bin/python3, but future installation of another Python
interpreter could change this. See https://docs.ansible.com/ansible/2.9/referen
ce_appendices/interpreter_discovery.html for more information.
ok: [172.31.33.154]
[WARNING]: Platform linux on host 172.31.44.184 is using the discovered Python
interpreter at /usr/bin/python3, but future installation of another Python
interpreter could change this. See https://docs.ansible.com/ansible/2.9/referen
ce_appendices/interpreter_discovery.html for more information.
ok: [172.31.44.184]
[WARNING]: Platform linux on host 172.31.37.97 is using the discovered Python
interpreter at /usr/bin/python3, but future installation of another Python
interpreter could change this. See https://docs.ansible.com/ansible/2.9/referen
ce_appendices/interpreter_discovery.html for more information.
ok: [172.31.37.97]
fatal: [13.51.196.1]: UNREACHABLE! => {"changed": false, "msg": "Failed to connect to the host via ssh: ssh: connect to host 13.51.196.1 port 22: Connection timed out", "unreachable": true}

TASK [installing apache on RedHat] *********************************************
ok: [172.31.44.184]
ok: [172.31.39.10]
ok: [172.31.33.154]
ok: [172.31.37.97]

PLAY RECAP *********************************************************************
13.51.196.1                : ok=0    changed=0    unreachable=1    failed=0    skipped=0    rescued=0    ignored=0
172.31.33.154              : ok=2    changed=0    unreachable=0    failed=0    skipped=0    rescued=0    ignored=0
172.31.37.97               : ok=2    changed=0    unreachable=0    failed=0    skipped=0    rescued=0    ignored=0
172.31.39.10               : ok=2    changed=0    unreachable=0    failed=0    skipped=0    rescued=0    ignored=0
172.31.44.184              : ok=2    changed=0    unreachable=0    failed=0    skipped=0    rescued=0    ignored=0

[root@ansible ~]#
[root@ansible ~]#
[root@ansible ~]#
[root@ansible ~]# sed -i 's/present/absent/g' playbook10.yml
[root@ansible ~]#
[root@ansible ~]# cat playbook10.yml
---
- hosts: all
  tasks:
    - name : installing apache on RedHat
      dnf : name=httpd state=absent
      notify: starting apache
  handlers:
    - name: starting apache
      service: name=httpd state=started
...
[root@ansible ~]#
[root@ansible ~]# cat playbook9.yml
---
- hosts: all
  tasks:
    - name : install http on Redhat
      dnf : name=httpd state=present
      when: ansible_os_family == "RedHat"

    - name : install apache on Ubuntu
      apt: name=apache2 state=present
      when: ansible_os_family == "Debian"
...
[root@ansible ~]# cat playbook8.yml
---
- hosts: all
  tasks:
    - name : installing git RedHat
      dnf : name=git state=absent
      when: ansible_os_family == "RedHat"

    - name : installing git on Ubuntu
      apt : name=git state=absent
      when : ansible_os_family == "Debian"
...
[root@ansible ~]#
[root@ansible ~]#
[root@ansible ~]# ansible-playbook playbook10.yml

PLAY [all] *********************************************************************

TASK [Gathering Facts] *********************************************************
[WARNING]: Platform linux on host 172.31.39.10 is using the discovered Python
interpreter at /usr/bin/python3, but future installation of another Python
interpreter could change this. See https://docs.ansible.com/ansible/2.9/referen
ce_appendices/interpreter_discovery.html for more information.
ok: [172.31.39.10]
[WARNING]: Platform linux on host 172.31.44.184 is using the discovered Python
interpreter at /usr/bin/python3, but future installation of another Python
interpreter could change this. See https://docs.ansible.com/ansible/2.9/referen
ce_appendices/interpreter_discovery.html for more information.
ok: [172.31.44.184]
[WARNING]: Platform linux on host 172.31.33.154 is using the discovered Python
interpreter at /usr/bin/python3, but future installation of another Python
interpreter could change this. See https://docs.ansible.com/ansible/2.9/referen
ce_appendices/interpreter_discovery.html for more information.
ok: [172.31.33.154]
[WARNING]: Platform linux on host 172.31.37.97 is using the discovered Python
interpreter at /usr/bin/python3, but future installation of another Python
interpreter could change this. See https://docs.ansible.com/ansible/2.9/referen
ce_appendices/interpreter_discovery.html for more information.
ok: [172.31.37.97]
fatal: [13.51.196.1]: UNREACHABLE! => {"changed": false, "msg": "Failed to connect to the host via ssh: ssh: connect to host 13.51.196.1 port 22: Connection timed out", "unreachable": true}

TASK [installing apache on RedHat] *********************************************
changed: [172.31.39.10]
changed: [172.31.44.184]
changed: [172.31.37.97]
changed: [172.31.33.154]

RUNNING HANDLER [starting apache] **********************************************
fatal: [172.31.44.184]: FAILED! => {"changed": false, "msg": "Could not find the requested service httpd: host"}
fatal: [172.31.39.10]: FAILED! => {"changed": false, "msg": "Could not find the requested service httpd: host"}
fatal: [172.31.37.97]: FAILED! => {"changed": false, "msg": "Could not find the requested service httpd: host"}
fatal: [172.31.33.154]: FAILED! => {"changed": false, "msg": "Could not find the requested service httpd: host"}

NO MORE HOSTS LEFT *************************************************************

PLAY RECAP *********************************************************************
13.51.196.1                : ok=0    changed=0    unreachable=1    failed=0    skipped=0    rescued=0    ignored=0
172.31.33.154              : ok=2    changed=1    unreachable=0    failed=1    skipped=0    rescued=0    ignored=0
172.31.37.97               : ok=2    changed=1    unreachable=0    failed=1    skipped=0    rescued=0    ignored=0
172.31.39.10               : ok=2    changed=1    unreachable=0    failed=1    skipped=0    rescued=0    ignored=0
172.31.44.184              : ok=2    changed=1    unreachable=0    failed=1    skipped=0    rescued=0    ignored=0

[root@ansible ~]#
[root@ansible ~]#
[root@ansible ~]# history
    1  sudo -i
    2  hostnamectl set-hostname ansible
    3  sudo -i
    4  sudo -i
    5  sudo -i
    6  sudo -i
    7  hostnamectl set-hostname dev-2
    8  hostname
    9  sudo -i
   10  passwd root
   11  vi /etc/ssh/sshd_config
   12  systemctl restart sshd.service
   13  systemctl status sshd.service
   14  amazon-linextras install ansible2
   15  amazon-linextras install ansible2 -y
   16  amazon-linux-install ansible2 -y
   17  yum install ansible2 -y
   18  amazon-linextras-install ansible2 -y
   19  mazon-linextras-install ansible2 -y
   20  sudo yum install ansible -y
   21  sudo yum update -y
   22  sudo yum install ansible -y
   23  sudo yum update -y
   24  sudo amazon-linux-extras list | grep ansible
   25  sudo amazon-linux-extras enable ansible2
   26  sudo yum install ansible -y
   27  ansible -v
   28  ansible -version
   29  ansible --version
   30  sudo yum install ansible2 -y
   31  sudo amazon-linux-extras install  ansible2
   32  ansible --version
   33  hostname
   34  sudo -i
   35  yum install python3
   36  yum install pip3
   37  yum install pip
   38  yum install python-dlevel
   39  python3
   40  yum install python-dlevel
   41  sudo yum install python3-devel -y
   42  vi /etc/ansible/hosts
   43  ssh-keygen
   44  cat /etc/ansible/hosts
   45  ssh-copy-id root@172.31.39.10
   46  cat .ssh/id_rsa.pub
   47  ssh 172.31.39.10
   48  ssh root@172.31.39.10
   49  cat /etc/ansible/hosts
   50  ssh-copy-id root@172.31.37.97
   51  ssh-copy-id root@172.31.44.184
   52  ssh-copy-id root@172.31.33.154
   53  ssh root@172.31.44.184
   54  ansible all -a "yum install git -y"
   55  git -v
   56  git -version
   57  git --version
   58  ansible dev -a "yum install maven -y"
   59  ansible test -a "yum install maven -y"
   60  ansible all -a "touch file1"
   61  ansible all -a "yum install apache -y"
   62  ansible all -a "yum install httpd -y"
   63  ansible all -a "systemctl start httpd"
   64  ansible all -a "systemctl status httpd"
   65  ansible all -a "mvn --version"
   66  ansible all -a "useradd jahnavi"
   67  ansible all -a "cat /etc/passwd"
   68  ansible all --list-hosts
   69  ansible dev --list-hosts
   70  ansible test --list-hosts
   71  ansible test[1] --list-hosts
   72  ansible all[-1] --list-hosts
   73  ansible all[0] --list-hosts
   74  ansible all[0:2] --list-hosts
   75  history
   76  cat /etc/ansible/hosts
   77  ansible all -a "yum install tree -y"
   78  #ANSIBLE MODULES
   79  #MODULES WORK ON KEY VALUE PAIRS
   80  ansible all -a "yum remove git*" -y
   81  ansible all -a "yum remove git" -y
   82  ansible all -a "yum remove git* -y"
   83  ansible all -m yum -a "name=git state=present"
   84  python --version
   85  ansible all -m yum -a "name=git state=present"
   86  ansible all -m dnf -a "name=git state=present"
   87  git --version
   88  git -v
   89  ansible all -m yum -a "name=httpd state=present"
   90  ansible all -m dnf -a "name=httpd state=present"
   91  ansible all -m dnf -a "name=httpd state=absent"
   92  ansible all -m dnf -a "name=httpd state=present"
   93  ansible all -m dnf -a "name=httpd state=latest"
   94  ansible all -m dnf -a "name=docker state=present"
   95  ansible all -m dnf -a "name=docker state=latest"
   96  ansible all -m service -a "name=httpd state=started"
   97  ansible all -a "systemctl status httpd"
   98  ansible all -m service -a "name=httpd state=stopped"
   99  ansible all -a "systemctl status httpd"
  100  ansible all -m service -a "name=httpd state=started"
  101  ansible all -m user -a "name=jahnavi state=present"
  102  vi app.yml
  103  ansible all -m copy -a "src=app.yml dest=/tmp"
  104  ansible all -a "ls"
  105  ansible all -a "ls /tmp"
  106  #by default ansible checks in the root folder for the files
  107  ansible all -m copy "src=app.yml dest=/root"
  108  ansible all -m copy -a  "src=app.yml dest=/root"
  109  ansible all -a "ls /root"
  110  ansible all -a "ls"
  111  #Playbook : we can execute multiple modules using playbook at the same time
  112  #we can reuse playbooks
  113  #playbook will be written on yaml language
  114  #yaml:yet another markup language
  115  yaml starts with --- and end with ...
  116  #yaml starts with --- and end with ...
  117  vi playbook1.yml
  118  ansible all -a "yum remove httpd"
  119  ansible all -a "yum remove httpd -y"
  120  ansible-playbook playbook1.yml
  121  vi playbook1.yml
  122  ansible-playbook playbook1.yml
  123  vi playbook1.yml
  124  ansible-playbook playbook1.yml
  125  vi playbook1.yml
  126  cat /etc/os-release
  127  ansible-playbook playbook1.yml
  128  cat playbook1.yml
  129  vi playbook2.yml
  130  ansible-playbook playbook2.yml
  131  vi playbook2.yml
  132  ansible-playbook playbook2.yml
  133  vi playbook2.yml
  134  ansible-playbook playbook2.yml
  135  vi playbook2.yml
  136  ansible-playbook playbook2.yml
  137  vi playbook2.yml
  138  cat playbook2.yml
  139  vi playbook2.yml
  140  vi playbook3.yml
  141  ansible-playbook playbook3.yml
  142  vi playbook3.yml
  143  ansible-playbook playbook3.yml
  144  cat playbook3.yml
  145  vi playbook3.yml
  146  ansible-playbook playbook3.yml --tags b c
  147  ansible-playbook playbook3.yml --tags bc
  148  ansible-playbook playbook3.yml --tags b
  149  ansible-playbook playbook3.yml --tags a,c
  150  vi playbook3.yml
  151  cat playbook3.yml
  152  ansible-playbook playbook3.yml --skip-tags a,c
  153  hostname
  154  hostname
  155  cd playbook
  156  vi playbook4.yml
  157  ansible all -a "yum remove git* maven -y"
  158  ansible-playbook playbook4.yml
  159  sed -i 's/install/remove/g' playbook4.yml
  160  ansible-playbook playbook4.yml
  161  ansible all -a "git--version"
  162  ansible all -a "git --version"
  163  ansible all -a "git -v"
  164  ansible all -a "maven -v"
  165  ansible all -a "maven -version"
  166  ansible all -a "mvn -version"
  167  mvn --version
  168  gi --version
  169  git --version
  170  git -v
  171  cat playbook4.yml
  172  cat playbook5.yml
  173  vi playbook5.yml
  174  ansible-playbook playbook5.yml
  175  cat playbook5.yml
  176  vi playbook5.yml
  177  ansible-playbook playbook5.yml
  178  vi playbook5.yml
  179  ansible-playbook playbook5.yml
  180  ansible all -a "git --version"
  181  ansible all -a "mvn --version"
  182  ansible all -a "docker --version"
  183  sed -i s/git/git*/g playbook5.yml
  184  cat playbook5.yml
  185  vi  playbook5.yml
  186  cat  playbook5.yml
  187  ansible-playbook playbook5.yml
  188  sed -i s/absent/present/g playbook5.yml
  189  sed -i s/git*/git/g playbook5.yml
  190  ansible-playbook playbook5.yml --extra-vars "d=tree, "
  191  cat playbook5.yml
  192  ansible all -a "yum remove git*, maven, tree* docker -y"
  193  vi playbook5.yml
  194  ansible-playbook playbook5.yml --extra-vars "d=tree, e=java-1.8.0-openjdk"
  195  ansible-playbook playbook5.yml --extra-vars "d=tree  e=java-1.8.0-openjdk"
  196  cat playbook5.yml
  197  #LOOPS
  198  sed -i s/present/absent/g playbook5.yml"
  199  cat playbook5.yml
  200  vi loops.yml
  201  ansible-playbook playbook5.yml
  202  ansible-playbook playbook5.yml --extra-vars "d=tree, e=java-1.8.0-openjdk"
  203  ansible all -a "docker --version"
  204  cay loops.yml
  205  cat loops.yml
  206  ansible-playbook loops.yml
  207  ansible all -a "git --version"
  208  ansible all -a "mvn --version"
  209  ansible all -a "mvn -v"
  210  ansible all -a "docker -v"
  211  ansible all -a "httpd -v"
  212  ansible all -a "tree -v"
  213  sed -i 's/git/git*/g' loops.yml
  214  sed -i 's/present/absent/g' loops.yml
  215  cat loops.yml
  216  ansible-playbook loops.yml
  217  vi user.yml
  218  ansible-playbook user.yml
  219  vi user.yml
  220  ansible-playbook user.yml
  221  sed -i 's/present/absent/g' user.yml
  222  cat user.yml
  223  ansible-playbook user.yml
  224  #TROUBLESHOOTING TECHNIQUES
  225  cd.ssh
  226  cd .ssh
  227  cat known_hosts
  228  ansible all --list-hosts
  229  cat /etc/ansible/hosts
  230  vi /etc/ansible/hosts
  231  ansible all --list-hosts
  232  cat /etc/ansible/hosts
  233  vi /etc/ansible/hosts
  234  ansible all --list-hosts
  235  #known hosts is the correct way to check the connected nodes
  236  cat known_hosts
  237  cd
  238  ansible all -m setup
  239  ansible all -m setup | grep cpu
  240  ansible all -m setup | grep mem
  241  ansible all -m setup | grep -i mem
  242  history
  243  hostname
  244  #CONDITIONS ----IMPORTANT
  245  ansible all -m setup| grep os_family
  246  vi playbook8.yml
  247  ansible-playbook playbook8.yml
  248  vi playbook8.yml
  249  ansible-playbook playbook8.yml
  250  sed -i "s/present/absent/g" playbook8.yml
  251  ansible-playbook playbook8.yml
  252  cat playbook8.yml
  253  vi playbook9.
  254  vi playbook9.yml
  255  ansible-playbook playbook9.yml
  256  vi playbook9.yml
  257  ansible-playbook playbook9.yml
  258  vi playbook9.yml
  259  ansible-playbook playbook9.yml
  260  #HANDLERS
  261  vi playbook8.yml
  262  vi playbook9.yml
  263  vi playbook10.yml
  264  ansible-playbook playbook10.yml
  265  sed -i 's/present/absent/g' playbook10.yml
  266  cat playbook10.yml
  267  cat playbook9.yml
  268  cat playbook8.yml
  269  ansible-playbook playbook10.yml
  270  history
